// Jest Snapshot v1, https://goo.gl/fbAQLP

exports[`Footer Snapshot Check Footer UI 1`] = `
<div
  className="Footer updated-snapshot"
>
  <p
    className="Footer-title"
  >
    Platzi Store
  </p>
  <p
    className="Footer-copy"
  >
    Todos los Izquierdos Reservados
  </p>
</div>
`;
